// Jest Snapshot v1, https://goo.gl/fbAQLP

exports[`Tests OneFilmCard component Matching snapshot 1`] = `
<div
  className="film-card-wrapper"
>
  <div
    className="film-card-image"
  >
    <img />
  </div>
  <div
    className="film-card-description"
  >
    <h2
      className="film-card-header"
    />
    <p
      className="film-card-genres"
    />
    <div
      className="film-card-characteristics"
    >
      <span
        className="film-card-year"
      />
      <span
        className="film-card-time"
      />
    </div>
    <p
      className="film-card-text"
    />
  </div>
</div>
`;
