// Jest Snapshot v1, https://goo.gl/fbAQLP

exports[`Test CardItem component Matching snapshot 1`] = `
<div
  className="card"
  onClick={[Function]}
>
  <div
    className="card-image"
  >
    <img />
  </div>
  <div
    className="card-description"
  >
    <div
      className="card-film-name"
    >
      <p
        className="card-film-title"
      />
      <span
        className="card-vote"
      />
      <span
        className="card-year"
      />
    </div>
    <p
      className="card-genre"
    />
  </div>
</div>
`;
